src/App.tsx(1,10): error TS2305: Module '"react-router-dom"' has no exported member 'BrowserRouter'.
src/App.tsx(1,25): error TS2305: Module '"react-router-dom"' has no exported member 'Routes'.
src/App.tsx(1,33): error TS2305: Module '"react-router-dom"' has no exported member 'Route'.
src/components/BuildYourOwnModal.tsx(79,9): error TS2322: Type '{ children: Element[]; initial: { opacity: number; scale: number; }; animate: { opacity: number; scale: number; }; onClick: (e: MouseEvent<HTMLDivElement, MouseEvent>) => void; className: string; }' is not assignable to type 'IntrinsicAttributes & Omit<HTMLMotionProps<"div">, "ref"> & RefAttributes<HTMLDivElement>'.
  Property 'initial' does not exist on type 'IntrinsicAttributes & Omit<HTMLMotionProps<"div">, "ref"> & RefAttributes<HTMLDivElement>'.
src/components/CurrentReality.tsx(43,11): error TS2322: Type '{ children: Element[]; initial: { opacity: number; y: number; }; whileInView: { opacity: number; y: number; }; viewport: { once: boolean; margin: string; }; transition: { duration: number; }; className: string; }' is not assignable to type 'IntrinsicAttributes & Omit<HTMLMotionProps<"div">, "ref"> & RefAttributes<HTMLDivElement>'.
  Property 'initial' does not exist on type 'IntrinsicAttributes & Omit<HTMLMotionProps<"div">, "ref"> & RefAttributes<HTMLDivElement>'.
src/components/CurrentReality.tsx(68,17): error TS2322: Type '{ children: Element[]; key: number; initial: { opacity: number; y: number; }; whileInView: { opacity: number; y: number; }; viewport: { once: boolean; margin: string; }; transition: { duration: number; delay: number; }; onMouseEnter: () => void; onClick: () => void; className: string; }' is not assignable to type 'IntrinsicAttributes & Omit<HTMLMotionProps<"div">, "ref"> & RefAttributes<HTMLDivElement>'.
  Property 'initial' does not exist on type 'IntrinsicAttributes & Omit<HTMLMotionProps<"div">, "ref"> & RefAttributes<HTMLDivElement>'.
src/components/CurrentReality.tsx(110,17): error TS2322: Type '{ children: Element[]; key: number; initial: { opacity: number; y: number; height: number; }; animate: { opacity: number; y: number; height: string; }; exit: { opacity: number; y: number; height: number; }; transition: { ...; }; className: string; }' is not assignable to type 'IntrinsicAttributes & Omit<HTMLMotionProps<"div">, "ref"> & RefAttributes<HTMLDivElement>'.
  Property 'initial' does not exist on type 'IntrinsicAttributes & Omit<HTMLMotionProps<"div">, "ref"> & RefAttributes<HTMLDivElement>'.
src/components/Footer.tsx(27,7): error TS2322: Type '{ children: Element[]; initial: { opacity: number; y: number; }; whileInView: { opacity: number; y: number; }; viewport: { once: boolean; }; transition: { duration: number; delay: number; }; className: string; }' is not assignable to type 'IntrinsicAttributes & Omit<HTMLMotionProps<"div">, "ref"> & RefAttributes<HTMLDivElement>'.
  Property 'initial' does not exist on type 'IntrinsicAttributes & Omit<HTMLMotionProps<"div">, "ref"> & RefAttributes<HTMLDivElement>'.
src/components/Footer.tsx(43,13): error TS2322: Type '{ children: Element; initial: { height: number; opacity: number; }; animate: { height: string; opacity: number; }; exit: { height: number; opacity: number; }; className: string; }' is not assignable to type 'IntrinsicAttributes & Omit<HTMLMotionProps<"div">, "ref"> & RefAttributes<HTMLDivElement>'.
  Property 'initial' does not exist on type 'IntrinsicAttributes & Omit<HTMLMotionProps<"div">, "ref"> & RefAttributes<HTMLDivElement>'.
src/components/Footer.tsx(76,11): error TS2322: Type '{ children: Element[]; initial: { opacity: number; scale: number; }; whileInView: { opacity: number; scale: number; }; viewport: { once: boolean; }; className: string; }' is not assignable to type 'IntrinsicAttributes & Omit<HTMLMotionProps<"div">, "ref"> & RefAttributes<HTMLDivElement>'.
  Property 'initial' does not exist on type 'IntrinsicAttributes & Omit<HTMLMotionProps<"div">, "ref"> & RefAttributes<HTMLDivElement>'.
src/components/Hero.tsx(11,11): error TS2322: Type '{ initial: { scale: number; opacity: number; }; animate: { scale: number; opacity: number; }; transition: { duration: number; ease: string; }; className: string; }' is not assignable to type 'IntrinsicAttributes & Omit<HTMLMotionProps<"div">, "ref"> & RefAttributes<HTMLDivElement>'.
  Property 'initial' does not exist on type 'IntrinsicAttributes & Omit<HTMLMotionProps<"div">, "ref"> & RefAttributes<HTMLDivElement>'.
src/components/Hero.tsx(27,11): error TS2322: Type '{ animate: { opacity: number[]; scale: number[]; }; transition: { duration: number; repeat: number; ease: string; }; className: string; }' is not assignable to type 'IntrinsicAttributes & Omit<HTMLMotionProps<"div">, "ref"> & RefAttributes<HTMLDivElement>'.
  Property 'animate' does not exist on type 'IntrinsicAttributes & Omit<HTMLMotionProps<"div">, "ref"> & RefAttributes<HTMLDivElement>'.
src/components/Hero.tsx(32,11): error TS2322: Type '{ animate: { opacity: number[]; scale: number[]; }; transition: { duration: number; repeat: number; ease: string; delay: number; }; className: string; }' is not assignable to type 'IntrinsicAttributes & Omit<HTMLMotionProps<"div">, "ref"> & RefAttributes<HTMLDivElement>'.
  Property 'animate' does not exist on type 'IntrinsicAttributes & Omit<HTMLMotionProps<"div">, "ref"> & RefAttributes<HTMLDivElement>'.
src/components/Hero.tsx(40,11): error TS2322: Type '{ children: Element; initial: { opacity: number; y: number; }; animate: { opacity: number; y: number; }; transition: { duration: number; delay: number; }; className: string; }' is not assignable to type 'IntrinsicAttributes & Omit<HTMLMotionProps<"div">, "ref"> & RefAttributes<HTMLDivElement>'.
  Property 'initial' does not exist on type 'IntrinsicAttributes & Omit<HTMLMotionProps<"div">, "ref"> & RefAttributes<HTMLDivElement>'.
src/components/Hero.tsx(54,17): error TS2322: Type '{ children: Element[]; initial: { opacity: number; scale: number; }; animate: { opacity: number; scale: number; }; transition: { duration: number; delay: number; }; className: string; }' is not assignable to type 'IntrinsicAttributes & Omit<HTMLMotionProps<"div">, "ref"> & RefAttributes<HTMLDivElement>'.
  Property 'initial' does not exist on type 'IntrinsicAttributes & Omit<HTMLMotionProps<"div">, "ref"> & RefAttributes<HTMLDivElement>'.
src/components/Hero.tsx(67,17): error TS2322: Type '{ children: Element[]; initial: { opacity: number; y: number; }; animate: { opacity: number; y: number; }; transition: { duration: number; delay: number; }; className: string; }' is not assignable to type 'IntrinsicAttributes & Omit<HTMLMotionProps<"h1">, "ref"> & RefAttributes<HTMLHeadingElement>'.
  Property 'initial' does not exist on type 'IntrinsicAttributes & Omit<HTMLMotionProps<"h1">, "ref"> & RefAttributes<HTMLHeadingElement>'.
src/components/Hero.tsx(79,17): error TS2322: Type '{ children: string; initial: { opacity: number; y: number; }; animate: { opacity: number; y: number; }; transition: { duration: number; delay: number; }; className: string; }' is not assignable to type 'IntrinsicAttributes & Omit<HTMLMotionProps<"p">, "ref"> & RefAttributes<HTMLParagraphElement>'.
  Property 'initial' does not exist on type 'IntrinsicAttributes & Omit<HTMLMotionProps<"p">, "ref"> & RefAttributes<HTMLParagraphElement>'.
src/components/Hero.tsx(88,17): error TS2322: Type '{ children: Element[]; initial: { opacity: number; y: number; }; animate: { opacity: number; y: number; }; transition: { duration: number; delay: number; }; className: string; }' is not assignable to type 'IntrinsicAttributes & Omit<HTMLMotionProps<"div">, "ref"> & RefAttributes<HTMLDivElement>'.
  Property 'initial' does not exist on type 'IntrinsicAttributes & Omit<HTMLMotionProps<"div">, "ref"> & RefAttributes<HTMLDivElement>'.
src/components/Hero.tsx(121,11): error TS2322: Type '{ children: Element[]; initial: { opacity: number; }; animate: { opacity: number; }; transition: { duration: number; delay: number; }; className: string; }' is not assignable to type 'IntrinsicAttributes & Omit<HTMLMotionProps<"div">, "ref"> & RefAttributes<HTMLDivElement>'.
  Property 'initial' does not exist on type 'IntrinsicAttributes & Omit<HTMLMotionProps<"div">, "ref"> & RefAttributes<HTMLDivElement>'.
src/components/InvestmentPackages.tsx(78,11): error TS2322: Type '{ children: Element[]; initial: { opacity: number; y: number; }; whileInView: { opacity: number; y: number; }; viewport: { once: boolean; margin: string; }; transition: { duration: number; }; className: string; }' is not assignable to type 'IntrinsicAttributes & Omit<HTMLMotionProps<"div">, "ref"> & RefAttributes<HTMLDivElement>'.
  Property 'initial' does not exist on type 'IntrinsicAttributes & Omit<HTMLMotionProps<"div">, "ref"> & RefAttributes<HTMLDivElement>'.
src/components/InvestmentPackages.tsx(99,17): error TS2322: Type '{ initial: { width: number; }; whileInView: { width: string; }; viewport: { once: boolean; }; transition: { duration: number; delay: number; ease: string; }; className: string; }' is not assignable to type 'IntrinsicAttributes & Omit<HTMLMotionProps<"div">, "ref"> & RefAttributes<HTMLDivElement>'.
  Property 'initial' does not exist on type 'IntrinsicAttributes & Omit<HTMLMotionProps<"div">, "ref"> & RefAttributes<HTMLDivElement>'.
src/components/InvestmentPackages.tsx(114,15): error TS2322: Type '{ children: (false | Element)[]; key: string; initial: { opacity: number; y: number; }; whileInView: { opacity: number; y: number; }; viewport: { once: boolean; margin: string; }; transition: { duration: number; delay: number; }; className: string; }' is not assignable to type 'IntrinsicAttributes & Omit<HTMLMotionProps<"div">, "ref"> & RefAttributes<HTMLDivElement>'.
  Property 'initial' does not exist on type 'IntrinsicAttributes & Omit<HTMLMotionProps<"div">, "ref"> & RefAttributes<HTMLDivElement>'.
src/components/InvestmentPackages.tsx(175,11): error TS2322: Type '{ children: Element[]; initial: { opacity: number; y: number; }; whileInView: { opacity: number; y: number; }; viewport: { once: boolean; }; className: string; }' is not assignable to type 'IntrinsicAttributes & Omit<HTMLMotionProps<"div">, "ref"> & RefAttributes<HTMLDivElement>'.
  Property 'initial' does not exist on type 'IntrinsicAttributes & Omit<HTMLMotionProps<"div">, "ref"> & RefAttributes<HTMLDivElement>'.
src/components/Roadmap.tsx(33,15): error TS2322: Type '{ children: string; initial: { opacity: number; y: number; }; whileInView: { opacity: number; y: number; }; viewport: { once: boolean; }; className: string; }' is not assignable to type 'IntrinsicAttributes & Omit<HTMLMotionProps<"div">, "ref"> & RefAttributes<HTMLDivElement>'.
  Property 'initial' does not exist on type 'IntrinsicAttributes & Omit<HTMLMotionProps<"div">, "ref"> & RefAttributes<HTMLDivElement>'.
src/components/Roadmap.tsx(41,15): error TS2322: Type '{ children: (string | Element)[]; initial: { opacity: number; y: number; }; whileInView: { opacity: number; y: number; }; viewport: { once: boolean; }; transition: { duration: number; delay: number; }; className: string; }' is not assignable to type 'IntrinsicAttributes & Omit<HTMLMotionProps<"h2">, "ref"> & RefAttributes<HTMLHeadingElement>'.
  Property 'initial' does not exist on type 'IntrinsicAttributes & Omit<HTMLMotionProps<"h2">, "ref"> & RefAttributes<HTMLHeadingElement>'.
src/components/Roadmap.tsx(50,15): error TS2322: Type '{ children: string; initial: { opacity: number; }; whileInView: { opacity: number; }; viewport: { once: boolean; }; transition: { duration: number; delay: number; }; className: string; }' is not assignable to type 'IntrinsicAttributes & Omit<HTMLMotionProps<"p">, "ref"> & RefAttributes<HTMLParagraphElement>'.
  Property 'initial' does not exist on type 'IntrinsicAttributes & Omit<HTMLMotionProps<"p">, "ref"> & RefAttributes<HTMLParagraphElement>'.
src/components/Roadmap.tsx(60,15): error TS2322: Type '{ children: Element; initial: { opacity: number; y: number; }; whileInView: { opacity: number; y: number; }; viewport: { once: boolean; }; transition: { duration: number; delay: number; }; className: string; }' is not assignable to type 'IntrinsicAttributes & Omit<HTMLMotionProps<"div">, "ref"> & RefAttributes<HTMLDivElement>'.
  Property 'initial' does not exist on type 'IntrinsicAttributes & Omit<HTMLMotionProps<"div">, "ref"> & RefAttributes<HTMLDivElement>'.
src/components/Roadmap.tsx(110,19): error TS2322: Type '{ children: Element[]; key: number; initial: { opacity: number; x: number; }; whileInView: { opacity: number; x: number; }; viewport: { once: boolean; margin: string; }; transition: { duration: number; delay: number; }; className: string; }' is not assignable to type 'IntrinsicAttributes & Omit<HTMLMotionProps<"div">, "ref"> & RefAttributes<HTMLDivElement>'.
  Property 'initial' does not exist on type 'IntrinsicAttributes & Omit<HTMLMotionProps<"div">, "ref"> & RefAttributes<HTMLDivElement>'.
src/components/Roadmap.tsx(132,17): error TS2322: Type '{ children: Element[]; initial: { opacity: number; y: number; }; whileInView: { opacity: number; y: number; }; viewport: { once: boolean; }; className: string; }' is not assignable to type 'IntrinsicAttributes & Omit<HTMLMotionProps<"div">, "ref"> & RefAttributes<HTMLDivElement>'.
  Property 'initial' does not exist on type 'IntrinsicAttributes & Omit<HTMLMotionProps<"div">, "ref"> & RefAttributes<HTMLDivElement>'.
src/components/RoiCalculator.tsx(42,11): error TS2322: Type '{ children: Element[]; initial: { opacity: number; y: number; }; whileInView: { opacity: number; y: number; }; viewport: { once: boolean; margin: string; }; transition: { duration: number; }; className: string; }' is not assignable to type 'IntrinsicAttributes & Omit<HTMLMotionProps<"div">, "ref"> & RefAttributes<HTMLDivElement>'.
  Property 'initial' does not exist on type 'IntrinsicAttributes & Omit<HTMLMotionProps<"div">, "ref"> & RefAttributes<HTMLDivElement>'.
src/components/RoiCalculator.tsx(60,13): error TS2322: Type '{ children: Element[]; initial: { opacity: number; x: number; }; whileInView: { opacity: number; x: number; }; viewport: { once: boolean; margin: string; }; transition: { duration: number; delay: number; }; className: string; }' is not assignable to type 'IntrinsicAttributes & Omit<HTMLMotionProps<"div">, "ref"> & RefAttributes<HTMLDivElement>'.
  Property 'initial' does not exist on type 'IntrinsicAttributes & Omit<HTMLMotionProps<"div">, "ref"> & RefAttributes<HTMLDivElement>'.
src/components/RoiCalculator.tsx(133,13): error TS2322: Type '{ children: Element; initial: { opacity: number; x: number; }; whileInView: { opacity: number; x: number; }; viewport: { once: boolean; margin: string; }; transition: { duration: number; delay: number; }; className: string; }' is not assignable to type 'IntrinsicAttributes & Omit<HTMLMotionProps<"div">, "ref"> & RefAttributes<HTMLDivElement>'.
  Property 'initial' does not exist on type 'IntrinsicAttributes & Omit<HTMLMotionProps<"div">, "ref"> & RefAttributes<HTMLDivElement>'.
src/components/RoiCalculator.tsx(188,11): error TS2322: Type '{ children: Element; initial: { opacity: number; }; whileInView: { opacity: number; }; viewport: { once: boolean; }; transition: { duration: number; delay: number; }; className: string; }' is not assignable to type 'IntrinsicAttributes & Omit<HTMLMotionProps<"div">, "ref"> & RefAttributes<HTMLDivElement>'.
  Property 'initial' does not exist on type 'IntrinsicAttributes & Omit<HTMLMotionProps<"div">, "ref"> & RefAttributes<HTMLDivElement>'.
src/components/Tokenomics.tsx(33,11): error TS2322: Type '{ children: (string | Element)[]; initial: { opacity: number; scale: number; }; whileInView: { opacity: number; scale: number; }; viewport: { once: boolean; margin: string; }; transition: { duration: number; }; className: string; }' is not assignable to type 'IntrinsicAttributes & Omit<HTMLMotionProps<"h2">, "ref"> & RefAttributes<HTMLHeadingElement>'.
  Property 'initial' does not exist on type 'IntrinsicAttributes & Omit<HTMLMotionProps<"h2">, "ref"> & RefAttributes<HTMLHeadingElement>'.
src/components/Tokenomics.tsx(44,13): error TS2322: Type '{ children: Element[]; initial: { opacity: number; x: number; }; whileInView: { opacity: number; x: number; }; viewport: { once: boolean; margin: string; }; transition: { duration: number; }; }' is not assignable to type 'IntrinsicAttributes & Omit<HTMLMotionProps<"div">, "ref"> & RefAttributes<HTMLDivElement>'.
  Property 'initial' does not exist on type 'IntrinsicAttributes & Omit<HTMLMotionProps<"div">, "ref"> & RefAttributes<HTMLDivElement>'.
src/components/Tokenomics.tsx(72,17): error TS2322: Type '{ children: Element[]; key: number; initial: { opacity: number; y: number; }; whileInView: { opacity: number; y: number; }; viewport: { once: boolean; margin: string; }; transition: { duration: number; delay: number; }; className: string; }' is not assignable to type 'IntrinsicAttributes & Omit<HTMLMotionProps<"div">, "ref"> & RefAttributes<HTMLDivElement>'.
  Property 'initial' does not exist on type 'IntrinsicAttributes & Omit<HTMLMotionProps<"div">, "ref"> & RefAttributes<HTMLDivElement>'.
src/components/Tokenomics.tsx(88,11): error TS2322: Type '{ children: Element[]; initial: { opacity: number; y: number; }; whileInView: { opacity: number; y: number; }; viewport: { once: boolean; margin: string; }; transition: { duration: number; }; className: string; }' is not assignable to type 'IntrinsicAttributes & Omit<HTMLMotionProps<"div">, "ref"> & RefAttributes<HTMLDivElement>'.
  Property 'initial' does not exist on type 'IntrinsicAttributes & Omit<HTMLMotionProps<"div">, "ref"> & RefAttributes<HTMLDivElement>'.
src/components/Tokenomics.tsx(102,19): error TS2322: Type '{ children: Element[]; key: number; initial: { width: number; }; whileInView: { width: string; }; viewport: { once: boolean; margin: string; }; transition: { duration: number; delay: number; ease: string; }; className: string; title: string; }' is not assignable to type 'IntrinsicAttributes & Omit<HTMLMotionProps<"div">, "ref"> & RefAttributes<HTMLDivElement>'.
  Property 'initial' does not exist on type 'IntrinsicAttributes & Omit<HTMLMotionProps<"div">, "ref"> & RefAttributes<HTMLDivElement>'.
src/components/Tokenomics.tsx(125,19): error TS2322: Type '{ children: Element[]; key: number; initial: { opacity: number; scale: number; }; whileInView: { opacity: number; scale: number; }; viewport: { once: boolean; margin: string; }; transition: { duration: number; delay: number; }; className: string; }' is not assignable to type 'IntrinsicAttributes & Omit<HTMLMotionProps<"div">, "ref"> & RefAttributes<HTMLDivElement>'.
  Property 'initial' does not exist on type 'IntrinsicAttributes & Omit<HTMLMotionProps<"div">, "ref"> & RefAttributes<HTMLDivElement>'.
src/components/WalkthroughWidget.tsx(82,13): error TS2322: Type '{ children: Element[]; key: string; initial: { opacity: number; y: number; scale: number; }; animate: { opacity: number; y: number; scale: number; }; exit: { opacity: number; scale: number; }; transition: { ...; }; className: string; }' is not assignable to type 'IntrinsicAttributes & Omit<HTMLMotionProps<"div">, "ref"> & RefAttributes<HTMLDivElement>'.
  Property 'initial' does not exist on type 'IntrinsicAttributes & Omit<HTMLMotionProps<"div">, "ref"> & RefAttributes<HTMLDivElement>'.
src/components/WalkthroughWidget.tsx(103,17): error TS2322: Type '{ children: string; initial: { opacity: number; }; animate: { opacity: number; }; transition: { delay: number; }; className: string; }' is not assignable to type 'IntrinsicAttributes & Omit<HTMLMotionProps<"p">, "ref"> & RefAttributes<HTMLParagraphElement>'.
  Property 'initial' does not exist on type 'IntrinsicAttributes & Omit<HTMLMotionProps<"p">, "ref"> & RefAttributes<HTMLParagraphElement>'.
src/context/AuthContext.tsx(19,51): error TS7006: Parameter 'user' implicitly has an 'any' type.
src/pages/Dashboard.tsx(3,10): error TS2305: Module '"react-router-dom"' has no exported member 'Navigate'.
src/pages/Dashboard.tsx(5,15): error TS6133: 'getDoc' is declared but its value is never read.
